20:47:08.622 [main] INFO  testCases.TC002_LoginTest - Validating expected messages after customer login...
20:48:57.464 [main] INFO  testCases.TC001_AccountRegistrationTest - **** Starting TC001_AccountRegistrationTest *****
20:48:57.634 [main] INFO  testCases.TC001_AccountRegistrationTest - Clicked on MYAccount Link...
20:48:58.240 [main] INFO  testCases.TC001_AccountRegistrationTest - Clicked on Register Link...
20:48:58.244 [main] INFO  testCases.TC001_AccountRegistrationTest - Providing custoer derails...
20:49:00.318 [main] INFO  testCases.TC001_AccountRegistrationTest - Validating expected messages after customer details...
20:49:00.355 [main] INFO  testCases.TC001_AccountRegistrationTest - **** Finished TC001_AccountRegistrationTest *****
20:49:04.856 [main] INFO  testCases.TC002_LoginTest - **** Starting TC002_LoginTest *****
20:49:05.091 [main] INFO  testCases.TC002_LoginTest - Clicked on MyAccount Link...
20:49:05.499 [main] INFO  testCases.TC002_LoginTest - Clicked on Login Link...
20:49:05.502 [main] INFO  testCases.TC002_LoginTest - Providing customer details...
20:49:05.813 [main] INFO  testCases.TC002_LoginTest - Validating expected messages after customer login...
20:49:07.087 [main] INFO  testCases.TC002_LoginTest - **** Finished TC002_LoginTest *****
21:07:00.778 [main] INFO  testCases.TC001_AccountRegistrationTest - **** Starting TC001_AccountRegistrationTest *****
21:07:00.994 [main] INFO  testCases.TC001_AccountRegistrationTest - Clicked on MYAccount Link...
21:07:04.416 [main] INFO  testCases.TC001_AccountRegistrationTest - Clicked on Register Link...
21:07:04.420 [main] INFO  testCases.TC001_AccountRegistrationTest - Providing custoer derails...
21:07:06.586 [main] INFO  testCases.TC001_AccountRegistrationTest - Validating expected messages after customer details...
21:07:06.623 [main] INFO  testCases.TC001_AccountRegistrationTest - **** Finished TC001_AccountRegistrationTest *****
21:07:09.907 [main] INFO  testCases.TC002_LoginTest - **** Starting TC002_LoginTest *****
21:07:10.004 [main] INFO  testCases.TC002_LoginTest - Clicked on MyAccount Link...
21:07:10.400 [main] INFO  testCases.TC002_LoginTest - Clicked on Login Link...
21:07:10.403 [main] INFO  testCases.TC002_LoginTest - Providing customer details...
21:07:10.735 [main] INFO  testCases.TC002_LoginTest - Validating expected messages after customer login...
21:07:11.947 [main] INFO  testCases.TC002_LoginTest - **** Finished TC002_LoginTest *****
21:12:29.958 [main] INFO  testCases.TC001_AccountRegistrationTest - **** Starting TC001_AccountRegistrationTest *****
21:12:30.102 [main] INFO  testCases.TC001_AccountRegistrationTest - Clicked on MYAccount Link...
21:12:30.722 [main] INFO  testCases.TC001_AccountRegistrationTest - Clicked on Register Link...
21:12:30.730 [main] INFO  testCases.TC001_AccountRegistrationTest - Providing custoer derails...
21:12:33.108 [main] INFO  testCases.TC001_AccountRegistrationTest - Validating expected messages after customer details...
21:12:33.148 [main] INFO  testCases.TC001_AccountRegistrationTest - **** Finished TC001_AccountRegistrationTest *****
21:12:36.706 [main] INFO  testCases.TC002_LoginTest - **** Starting TC002_LoginTest *****
21:12:36.872 [main] INFO  testCases.TC002_LoginTest - Clicked on MyAccount Link...
21:12:37.327 [main] INFO  testCases.TC002_LoginTest - Clicked on Login Link...
21:12:37.333 [main] INFO  testCases.TC002_LoginTest - Providing customer details...
21:12:37.635 [main] INFO  testCases.TC002_LoginTest - Validating expected messages after customer login...
21:12:39.075 [main] INFO  testCases.TC002_LoginTest - **** Finished TC002_LoginTest *****
08:53:24.779 [main] INFO  testCases.TC001_AccountRegistrationTest - **** Starting TC001_AccountRegistrationTest *****
08:53:24.894 [main] INFO  testCases.TC001_AccountRegistrationTest - Clicked on MYAccount Link...
08:53:25.538 [main] INFO  testCases.TC001_AccountRegistrationTest - Clicked on Register Link...
08:53:25.549 [main] INFO  testCases.TC001_AccountRegistrationTest - Providing custoer derails...
08:53:27.392 [main] INFO  testCases.TC001_AccountRegistrationTest - Validating expected messages after customer details...
08:53:27.427 [main] INFO  testCases.TC001_AccountRegistrationTest - **** Finished TC001_AccountRegistrationTest *****
08:53:30.760 [main] INFO  testCases.TC002_LoginTest - **** Starting TC002_LoginTest *****
08:53:30.827 [main] INFO  testCases.TC002_LoginTest - Clicked on MyAccount Link...
08:53:31.186 [main] INFO  testCases.TC002_LoginTest - Clicked on Login Link...
08:53:31.190 [main] INFO  testCases.TC002_LoginTest - Providing customer details...
08:53:31.410 [main] INFO  testCases.TC002_LoginTest - Validating expected messages after customer login...
08:53:32.528 [main] INFO  testCases.TC002_LoginTest - **** Finished TC002_LoginTest *****
08:58:57.927 [main] INFO  testCases.TC001_AccountRegistrationTest - **** Starting TC001_AccountRegistrationTest *****
